// Jest Snapshot v1, https://goo.gl/fbAQLP

exports[`matches snapshot 1`] = `
<DocumentFragment>
  <div
    class="col-md-8 offset-md-2"
  >
    <h4
      class="white"
    />
    <p
      class="white"
    />
    <div />
  </div>
</DocumentFragment>
`;
