// Jest Snapshot v1, https://goo.gl/fbAQLP

exports[`matches snapshot 1`] = `
<DocumentFragment>
  <div
    class="JobCard card"
  >
    <div
      class="card-body"
    >
      <h6
        class="card-title"
      >
        title
      </h6>
      <p>
        comp
      </p>
      <div>
        <small>
          Salary: 10
        </small>
      </div>
      <div>
        <small>
          Equity: 1
        </small>
      </div>
      <button
        class="float-end apply btn btn-secondary"
        type="button"
      >
        <b>
          APPLY
        </b>
      </button>
    </div>
  </div>
</DocumentFragment>
`;
